
> smart-construction@0.1.0 build
> react-scripts build

Creating an optimized production build...
Failed to compile.

[eslint] 
src\App.tsx
  Line 157:62:  'RolePermissionDesignViewer' is not defined  react/jsx-no-undef

Search for the keywords to learn more about each error.


